3628800
3628800
3628800
3628800
3628800
============================================================
hello */
/* world
